// Jest Snapshot v1, https://goo.gl/fbAQLP

exports[`Help topic snapshots combat topic body matches snapshot 1`] = `
[
  "Combat",
  "  pha <bearing> <pct> — fire phasers",
  "  tor <slot>         — fire torpedo",
  "  mis <slot>         — fire missile",
  "  mine               — drop mine",
  "  dec                — deploy decoy",
  "  jam                — toggle jammer",
  "  flux               — fire flux pod",
  "  shi <pct>          — set shield level",
  "  freq <n>           — set shield frequency",
  "  attack <planet>    — attack planet",
]
`;

exports[`Help topic snapshots full HELP_TOPICS catalog matches snapshot 1`] = `
{
  "combat": {
    "body": [
      "Combat",
      "  pha <bearing> <pct> — fire phasers",
      "  tor <slot>         — fire torpedo",
      "  mis <slot>         — fire missile",
      "  mine               — drop mine",
      "  dec                — deploy decoy",
      "  jam                — toggle jammer",
      "  flux               — fire flux pod",
      "  shi <pct>          — set shield level",
      "  freq <n>           — set shield frequency",
      "  attack <planet>    — attack planet",
    ],
    "title": "Combat",
  },
  "navigation": {
    "body": [
      "Navigation",
      "  nav <x> <y>    — engage autopilot to sector",
      "  rot <deg>      — set rotation delta (-180 to 180)",
      "  imp <pct>      — set impulse percentage (0-99)",
      "  war <warp>     — set warp factor",
      "  sca <mode>     — scan (sh=ships, pl=planets, ra=range, se=sector, lo=local)",
      "  lock <target>  — lock torpedoes/missiles on target",
      "  orb            — orbit nearest planet",
      "  land <name>    — land on planet",
    ],
    "title": "Navigation",
  },
  "planet": {
    "body": [
      "Planet",
      "  orb                    — orbit nearest planet",
      "  land <name>            — land / claim / name planet",
      "  adm                    — planet inventory & admin",
      "  adm rate <item> <n>    — set production rate (0-100)",
      "  adm sellflag <item> on|off — open/close item to buyers",
      "  adm markup <item> <n>  — set selling price",
      "  adm tax <n>            — set tax rate",
      "  tra down <qty> <item>  — transfer ship cargo to planet",
      "  tra up <qty> <item>    — transfer planet stock to ship",
      "  wthdr <qty>            — withdraw taxes to your account",
      "  attack <planet>        — attack enemy planet",
      "  dat <fragment>         — look up ship by name fragment",
    ],
    "title": "Planet",
  },
  "ship": {
    "body": [
      "Ship",
      "  rep                — ship status report",
      "  cloak on|off       — toggle cloak",
      "  maint              — toggle maintenance mode",
      "  set <option>       — toggle ship options",
      "  rename <name>      — rename ship",
      "  destruct           — initiate self-destruct",
      "  abort              — abort self-destruct",
      "  abandon            — abandon ship",
    ],
    "title": "Ship",
  },
  "trade": {
    "body": [
      "Trade",
      "  buy <item> <qty>       — purchase items",
      "  sell <item> <qty>      — sell items",
      "  transfer <item> <qty>  — transfer to planet",
      "  jett <item> <qty>      — jettison items",
      "  price                  — show item prices",
      "  pln                    — show planet inventory",
    ],
    "title": "Trade",
  },
}
`;

exports[`Help topic snapshots navigation topic body matches snapshot 1`] = `
[
  "Navigation",
  "  nav <x> <y>    — engage autopilot to sector",
  "  rot <deg>      — set rotation delta (-180 to 180)",
  "  imp <pct>      — set impulse percentage (0-99)",
  "  war <warp>     — set warp factor",
  "  sca <mode>     — scan (sh=ships, pl=planets, ra=range, se=sector, lo=local)",
  "  lock <target>  — lock torpedoes/missiles on target",
  "  orb            — orbit nearest planet",
  "  land <name>    — land on planet",
]
`;

exports[`Help topic snapshots planet topic body matches snapshot 1`] = `
[
  "Planet",
  "  orb                    — orbit nearest planet",
  "  land <name>            — land / claim / name planet",
  "  adm                    — planet inventory & admin",
  "  adm rate <item> <n>    — set production rate (0-100)",
  "  adm sellflag <item> on|off — open/close item to buyers",
  "  adm markup <item> <n>  — set selling price",
  "  adm tax <n>            — set tax rate",
  "  tra down <qty> <item>  — transfer ship cargo to planet",
  "  tra up <qty> <item>    — transfer planet stock to ship",
  "  wthdr <qty>            — withdraw taxes to your account",
  "  attack <planet>        — attack enemy planet",
  "  dat <fragment>         — look up ship by name fragment",
]
`;

exports[`Help topic snapshots ship topic body matches snapshot 1`] = `
[
  "Ship",
  "  rep                — ship status report",
  "  cloak on|off       — toggle cloak",
  "  maint              — toggle maintenance mode",
  "  set <option>       — toggle ship options",
  "  rename <name>      — rename ship",
  "  destruct           — initiate self-destruct",
  "  abort              — abort self-destruct",
  "  abandon            — abandon ship",
]
`;

exports[`Help topic snapshots trade topic body matches snapshot 1`] = `
[
  "Trade",
  "  buy <item> <qty>       — purchase items",
  "  sell <item> <qty>      — sell items",
  "  transfer <item> <qty>  — transfer to planet",
  "  jett <item> <qty>      — jettison items",
  "  price                  — show item prices",
  "  pln                    — show planet inventory",
]
`;
